('iPIC3D> cell number               :  ', (256, 208, 208))
('iPIC3D> domain size               :  ', (25.0, 20.0, 20.0))
('iPIC3D> mesh spacing              :  ', (0.09765625, 0.09615384615384616, 0.09615384615384616))
('iPIC3D> periodicity               :  ', (False, False, False))
('iPIC3D> time step                 :  ', 0.5)
('iPIC3D> species                   :  ', ['e0', 'i1'])
('          e0 charge-over-mass           :  ', -100.0)
('          i1 charge-over-mass           :  ', 1.0)
('LOAD->', 5000)
['Ji_z00005000', 'Je_y00005000', 'B_z00005000', 'B_y00005000', 'Je_x00005000', 'B_x00005000', 'Ji_x00005000', 'Je_z00005000', 'Ji_y00005000']
('COMPUTE->', 5000)
['Ji_z00005000', 'J_y00005000', 'JperB_z00005000', 'J_x00005000', 'Je_y00005000', 'B_z00005000', 'B_y00005000', 'JparB_y00005000', 'Je_x00005000', 'J_z00005000', 'B_x00005000', 'Ji_x00005000', 'JparB_x00005000', 'JperB_y00005000', 'JparB_z00005000', 'Je_z00005000', 'Ji_y00005000', 'JperB_x00005000']
('PRINT->', 5000)
('DELETE->', 5000)
COMP.TIME [seg5000] = 60.752 s

########## ########## ########## ########## ########## ########## ########## ##########
Execution Sum Up
########## ########## ########## ########## ########## ########## ########## ##########
Jobid     : 8062372
Jobname   : TperparE
User      : lavorenf
Account   : gen12428@xlarge
Limits    : time = 2:47:00 , memory/task = 26800 Mo
Date      : submit = 20/01/2022 11:04:33 , start = 20/01/2022 11:04:35 , end = 20/01/2022 13:51:35
Execution : partition = xlarge , QoS = normal@xlarge , Comment = (null)
Resources : ntasks = 2 , cpus/task = 6 , ncpus = 12 , nodes = 1
   Nodes=irene8001 CPU_IDs=56-67 Mem=321600 GRES=
 
Memory / step 
--------------
                          Resident Size (Mo)                     Virtual Size (Go)
JobID            Max     (Node:Task)       AveTask    Max  (Node:Task)            AveTask
-----------      ------------------------  -------    --------------------------  -------

Accounting / step 
------------------

JobID           JobName                  Ntasks  Ncpus Nnodes  Layout       Elapsed               User         System     Eff  State
------------    ------------             ------  ----- ------  -------      -------               -------      ------     ---  -----
8062372         TperparE                      -     12      1        -     00:05:55   (100%)            -            -      -  -
8062372.batch   batch                         1     12      1  Unknown     00:05:55   (100%)     00:00:00     00:00:00      0  RUNNING
8062372.extern  extern                        1     12      1  Unknown     00:05:55 (100.0%)     00:00:00     00:00:00      0  RUNNING
8062372.0       python                        1      6      1   BBlock     00:04:27  (75.2%)     00:00:01     00:00:01     .1  FAILED
8062372.1       python                        1      6      1   BBlock     00:05:50  (98.5%)     00:00:12     00:00:04     .7  COMPLETED
########## ########## ########## ########## ########## ########## ########## ##########
